// Jest Snapshot v1, https://goo.gl/fbAQLP

exports[`Pruebas en el componente <GifItem /> Debe de hacer macth con el snapshot 1`] = `
<div>
  <div
    class="card"
  >
    <img
      alt="HxH"
      src="htts://hunterXhunter.com"
    />
    <p>
      HxH
    </p>
  </div>
</div>
`;
